// Jest Snapshot v1, https://goo.gl/fbAQLP

exports[`PokeCard component render 1`] = `
<div>
  <b-row />
</div>
`;
